logs/modal_20260323_013528_33927715.txt
val_bpb:enabled tokenizer_kind=sentencepiece tokenizer_path=/vol/parameter-golf-data/tokenizers/fineweb_1024_bpe.model
train_loader:dataset:fineweb10B_sp1024 train_shards:80
val_loader:shards pattern=/vol/parameter-golf-data/datasets/fineweb10B_sp1024/fineweb_val_*.bin tokens:62021632
model_params:17059912
world_size:1 grad_accum_steps:8
sdp_backends:cudnn=False flash=True mem_efficient=False math=False
attention_mode:gqa num_heads:8 num_kv_heads:4
tie_embeddings:True embed_lr:0.05 head_lr:0.0 matrix_lr:0.04 scalar_lr:0.04
train_batch_tokens:524288 train_seq_len:1024 iterations:20000 warmup_steps:20 max_wallclock_seconds:600.000
seed:1337
warmup_step:1/20
warmup_step:2/20
warmup_step:3/20
warmup_step:4/20
warmup_step:5/20
warmup_step:6/20
warmup_step:7/20
warmup_step:8/20
warmup_step:9/20
warmup_step:10/20
warmup_step:11/20
warmup_step:12/20
warmup_step:13/20
warmup_step:14/20
warmup_step:15/20
warmup_step:16/20
warmup_step:17/20
warmup_step:18/20
warmup_step:19/20
warmup_step:20/20
step:0/20000 val_loss:6.9357 val_bpb:4.1077 train_time:0ms step_avg:0.02ms
step:1/20000 train_loss:6.9357 train_time:337ms step_avg:336.64ms
step:2/20000 train_loss:16.7413 train_time:676ms step_avg:338.22ms
step:3/20000 train_loss:8.7525 train_time:1018ms step_avg:339.25ms
step:4/20000 train_loss:6.5885 train_time:1357ms step_avg:339.34ms
step:5/20000 train_loss:6.6519 train_time:1695ms step_avg:338.98ms
step:6/20000 train_loss:6.6999 train_time:2033ms step_avg:338.75ms
step:7/20000 train_loss:6.3337 train_time:2375ms step_avg:339.28ms
step:8/20000 train_loss:6.1813 train_time:2713ms step_avg:339.11ms
step:9/20000 train_loss:6.0838 train_time:3053ms step_avg:339.19ms
step:10/20000 train_loss:5.9956 train_time:3389ms step_avg:338.93ms
step:200/20000 train_loss:2.7976 train_time:67826ms step_avg:339.13ms
step:400/20000 train_loss:2.4012 train_time:136967ms step_avg:342.42ms
step:600/20000 train_loss:2.4971 train_time:204891ms step_avg:341.49ms
step:800/20000 train_loss:2.3332 train_time:272690ms step_avg:340.86ms
step:1000/20000 train_loss:2.3425 train_time:340977ms step_avg:340.98ms
step:1000/20000 val_loss:2.3112 val_bpb:1.3688 train_time:340981ms step_avg:340.98ms
step:1200/20000 train_loss:2.2650 train_time:409015ms step_avg:340.85ms
step:1400/20000 train_loss:2.2912 train_time:477021ms step_avg:340.73ms
step:1600/20000 train_loss:2.1779 train_time:544763ms step_avg:340.48ms
step:1764/20000 val_loss:2.2052 val_bpb:1.3060 train_time:600206ms step_avg:340.25ms
stopping_early: wallclock_cap train_time:600206ms step:1764/20000
peak memory allocated: 10303 MiB reserved: 10730 MiB
Serialized model: 67224983 bytes
Code size: 49780 bytes
Total submission size: 67274763 bytes
Serialized model int8+zlib: 14569707 bytes (payload:17178912 raw_torch:17224025 payload_ratio:3.91x)
Total submission size int8+zlib: 14619487 bytes
final_int8_zlib_roundtrip val_loss:2.2072 val_bpb:1.3072 eval_time:10685ms
final_int8_zlib_roundtrip_exact val_loss:2.20722881 val_bpb:1.30724523
